\BOOKMARK [1][-]{section.0.1}{Introduction}{}% 1
\BOOKMARK [1][-]{section.0.2}{Methods}{}% 2
\BOOKMARK [0][-]{chapter.1}{A new chapter starts now}{}% 3
\BOOKMARK [1][-]{section.1.1}{A new section}{chapter.1}% 4
\BOOKMARK [2][-]{subsection.1.1.1}{Nice subsection}{section.1.1}% 5
