0 0 0 0 0 0 0 0 -1.96975531970083e-08
0 0 0 0 0 0 0 0 -1.96975531970083e-08
