0 0 3.58137330854697e-08
0 0 -3.58137330854697e-08
