0 0 0 0 0 0 0 0 -4.59061800882494
0 0 0 0 0 0 0 0 1.47639146819497
