-1.56835e-06 1.01036e-06 0.276012 0 0 0.275596
1.56835e-06 -1.01036e-06 -0.276012 0 0 -0.275596
