-2.1461 -2.1461 -2.22597 -1.35477e-07 -1.44668e-07 1.04546e-08 -2.12491 -2.12491 -2.20634 0 0 0
