-2.1461 -2.1461 -2.22597 -1.35477e-07 -1.44668e-07 1.04546e-08 -2.12491 -2.12491 -2.20634 0 0 0
-2.0901 -2.0901 -2.25352 -4.39742e-08 3.77402e-08 -6.07135e-08 -2.0927 -2.0927 -2.27466 0 0 0
