0 4.46703e-07 0.276151 0 0 0.275596
-5.19935e-11 -4.46651e-07 -0.276151 0 0 -0.275596
