0 4.46703e-07 0.276151 0 0 0.275596
-5.19935e-11 -4.46651e-07 -0.276151 0 0 -0.275596
-2.98023e-08 -5.70002e-08 0.419792 0 0 0.41821
1.39886e-08 7.2813e-08 -0.419792 0 0 -0.41821
