-2.15816 -2.12491
-2.15817 -2.12491
-2.26111 -2.20634
4.23164e-08 0
1.13138e-07 0
-5.83822e-08 0
