-2.15816 -2.12491
-2.06175 -2.0927
-2.15817 -2.12491
-2.06174 -2.0927
-2.26111 -2.20634
-2.27062 -2.27466
4.23164e-08 0
7.18853e-08 0
1.13138e-07 0
1.14709e-08 0
-5.83822e-08 0
-6.77632e-08 0
